;Map created by PMAC Win32 Driver from file: C:\Users\kgofron\Documents\E6510w\ControlsGroup\CSX\CSX1\NSLS2config\mc12\xf23id1-mc12.pmc
;


; DEFINES sorted by KEY --------------------------
MilliSeconds                     * 8388608/i10
_DPRAMBASE_                      $60000
_DPRAMMAX_                       $60450
_DPRAMSIZE_                      $0
_DPRAMUSERBASE_                  $60450
_PMAC2_                          
_QMAC_                           
_TURBO_                          
amplifier_current                I(axis_number*100 + 77)
amplifier_enabled                M(axis_number*100 + 39)
axis_number                      P700
clock_tick                       50
drive_current                    P(axis_number + 732)
full_current                     INT(drive_current/100)
hold_current                     full_current/100*(drive_current%100)
in_position_bit                  M(axis_number*100 + 40)
kill_axis                        &COMMAND"K"
millisec_conversion              8388608/i10
runFlag                          M4900
time_counter                     P(axis_number + 764)
timeout_period                   P(axis_number + 700)
timer                            i5112
zero_velocity_bit                M(axis_number*100 + 33)


; DEFINES sorted by VALUE ------------------------
                                 _PMAC2_
                                 _QMAC_
                                 _TURBO_
$0                               _DPRAMSIZE_
$60000                           _DPRAMBASE_
$60450                           _DPRAMMAX_
$60450                           _DPRAMUSERBASE_
&COMMAND"K"                      kill_axis
* 8388608/i10                    MilliSeconds
50                               clock_tick
8388608/i10                      millisec_conversion
I(axis_number*100 + 77)          amplifier_current
INT(drive_current/100)           full_current
M(axis_number*100 + 33)          zero_velocity_bit
M(axis_number*100 + 39)          amplifier_enabled
M(axis_number*100 + 40)          in_position_bit
M4900                            runFlag
P(axis_number + 700)             timeout_period
P(axis_number + 732)             drive_current
P(axis_number + 764)             time_counter
P700                             axis_number
full_current/100*(drive_current%100) hold_current
i5112                            timer
